[36mvite v7.2.4 [32mbuilding client environment for production...[36m[39m
transforming...
[32mÔ£ô[39m 19 modules transformed.
node.exe : [31mÔ£ù[39m Build failed in 608ms
In riga:1 car:1
+ & "C:\Program Files\nodejs/node.exe" 
"C:\Program Files\nodejs/node_mo ...
+ ~~~~~~~~~~~~~~~~~~~~~~~~~~~~~~~~~~~~~~~~~~~~~~~~
~~~~~~~~~~~~~~~~~~~~~
    + CategoryInfo          : NotSpecified: 
([31mÔ£ù    [39m Build failed in 608ms:String) 
[], RemoteExcep    tion
    + FullyQualifiedErrorId : NativeCommandError
 
[31merror during build:
[31m[vite]: Rollup failed to resolve import 
"react-use" from "C:/Users/Dilet/Documents/GitHub/
ai-networkTools-viz-main/ai-networkTools-viz-main/
src/components/NetworkGraph.jsx".
This is most likely unintended because it can 
break your application at runtime.
If you do want to externalize this module 
explicitly add it to
`build.rollupOptions.external`[31m
    at viteLog (file:///C:/Users/Dilet/Documents/G
itHub/ai-networkTools-viz-main/ai-networkTools-viz
-main/node_modules/vite/dist/node/chunks/config.js
:34283:57)
    at file:///C:/Users/Dilet/Documents/GitHub/ai-
networkTools-viz-main/ai-networkTools-viz-main/nod
e_modules/vite/dist/node/chunks/config.js:34317:73
    at onwarn (file:///C:/Users/Dilet/Documents/Gi
tHub/ai-networkTools-viz-main/ai-networkTools-viz-
main/node_modules/@vitejs/plugin-react/dist/index.
js:76:7)
    at file:///C:/Users/Dilet/Documents/GitHub/ai-
networkTools-viz-main/ai-networkTools-viz-main/nod
e_modules/vite/dist/node/chunks/config.js:34317:28
    at onRollupLog (file:///C:/Users/Dilet/Documen
ts/GitHub/ai-networkTools-viz-main/ai-networkTools
-viz-main/node_modules/vite/dist/node/chunks/confi
g.js:34312:63)
    at onLog (file:///C:/Users/Dilet/Documents/Git
Hub/ai-networkTools-viz-main/ai-networkTools-viz-m
ain/node_modules/vite/dist/node/chunks/config.js:3
4115:4)
    at file:///C:/Users/Dilet/Documents/GitHub/ai-
networkTools-viz-main/ai-networkTools-viz-main/nod
e_modules/rollup/dist/es/shared/node-entry.js:2096
1:32
    at Object.logger [as onLog] (file:///C:/Users/
Dilet/Documents/GitHub/ai-networkTools-viz-main/ai
-networkTools-viz-main/node_modules/rollup/dist/es
/shared/node-entry.js:22848:9)
    at ModuleLoader.handleInvalidResolvedId (file:
///C:/Users/Dilet/Documents/GitHub/ai-networkTools
-viz-main/ai-networkTools-viz-main/node_modules/ro
llup/dist/es/shared/node-entry.js:21592:26)
    at file:///C:/Users/Dilet/Documents/GitHub/ai-
networkTools-viz-main/ai-networkTools-viz-main/nod
e_modules/rollup/dist/es/shared/node-entry.js:2155
0:26[39m
